add test.log